// Jest Snapshot v1, https://goo.gl/fbAQLP

exports[`basic.styl 1`] = `
a, div {
  color: white 
  span {
    background rgba(0,0,0,1)
    color #ff00e3;
  }
}

.cl {
  display: flex}~~~~~~~~~~~~~~~~~~~~~~~~~~~~~~~~~~~~~~~~~~~~~~~~~~~~~~~~~~~~~~~~~~~~~~~~~~~~~~~~
a
div
  color white
  span
    background rgba(0, 0, 0, 1)
    color #ff00e3

.cl
  display flex

`;
