// Jest Snapshot v1, https://goo.gl/fbAQLP

exports[`mixins.styl 1`] = `
flex()
  display flex


wh(w,h)
  width w
  height: h;


add(a, b=1)
  a + b

add(a,   b =unit(a,px))
  a +b

div.some-layer
  flex()
  flex-direction column
  wh(add(1px,3), 2em);
  ~~~~~~~~~~~~~~~~~~~~~~~~~~~~~~~~~~~~~~~~~~~~~~~~~~~~~~~~~~~~~~~~~~~~~~~~~~~~~~~~
flex()
  display flex

wh(w, h)
  width w
  height h

add(a, b = 1)
  a + b

add(a, b = unit(a, px))
  a + b

div.some-layer
  flex()
  flex-direction column
  wh(add(1px, 3), 2em)

`;
